// Jest Snapshot v1, https://goo.gl/fbAQLP

exports[`<StyledContainer /> tests should render and match the snapshot 1`] = `
<body>
  <div>
    <div
      class="css-16vde0f eeuiqiy0"
    />
  </div>
</body>
`;
