// Jest Snapshot v1, https://goo.gl/fbAQLP

exports[`<T /> component tests should render and match the snapshot 1`] = `
<body>
  <div>
    <p
      class="css-1irx5r2 e17qkzd60"
      data-testid="t"
    />
  </div>
</body>
`;
