// Jest Snapshot v1, https://goo.gl/fbAQLP

exports[`<ErrorHandler /> should render and match the snapshot 1`] = `
<body>
  <div>
    <div
      class="ant-card ant-card-bordered css-1cd7yd0 ep6oj70"
      data-testid="error-card"
    >
      <div
        class="ant-card-body"
      >
        <p
          class="css-1irx5r2 e17qkzd60"
          data-testid="error-message"
        >
          something_went_wrong
        </p>
      </div>
    </div>
  </div>
</body>
`;
