// Jest Snapshot v1, https://goo.gl/fbAQLP

exports[`<Header /> should render and match the snapshot 1`] = `
<body>
  <div>
    <header
      class="ant-layout-header css-18r3smc e1x0oejn2"
      data-testid="header"
    >
      <a
        href="/"
      >
        <img
          alt="logo"
          class="css-1jpb57k e1x0oejn1"
          src="IMAGE_MOCK"
        />
      </a>
      <p
        class="e1x0oejn0 css-6k35l8 e17qkzd60"
        data-testid="t"
      >
        Wednesday Solutions
      </p>
    </header>
  </div>
</body>
`;
