// Jest Snapshot v1, https://goo.gl/fbAQLP

exports[`<LaunchList /> should render and match the snapshot 1`] = `
.emotion-0.emotion-0 {
  display: -webkit-box;
  display: -webkit-flex;
  display: -ms-flexbox;
  display: flex;
  -webkit-flex-direction: column;
  -ms-flex-direction: column;
  flex-direction: column;
  width: 100%;
  margin: 0 auto;
  background-color: #FFFFFF;
}

.emotion-3 {
  background-color: #fff;
  color: rgba(0, 0, 0, 0.87);
  -webkit-transition: box-shadow 300ms cubic-bezier(0.4, 0, 0.2, 1) 0ms;
  transition: box-shadow 300ms cubic-bezier(0.4, 0, 0.2, 1) 0ms;
  border-radius: 4px;
  border: 1px solid rgba(0, 0, 0, 0.12);
  overflow: hidden;
}

.emotion-3.emotion-3 {
  padding: 1rem;
  cursor: pointer;
  margin: 1rem 0;
  background-color: #d8d8d8;
}

.emotion-3.emotion-3:hover {
  box-shadow: inset 0 0 10px -5px rgba(0, 0, 0, 0.6);
}

.emotion-4.emotion-4 {
  margin-bottom: 1.5rem;
  font-size: 1.25rem;
  font-weight: bold;
}

.emotion-6.emotion-6 {
  font-size: 1rem;
  font-weight: normal;
}

.emotion-9 {
  margin: 0;
  color: #000000;
  -webkit-text-decoration: none;
  text-decoration: none;
}

.emotion-9.emotion-9 {
  padding: 0;
  display: -webkit-box;
  display: -webkit-flex;
  display: -ms-flexbox;
  display: flex;
  gap: 5px;
  -webkit-align-items: center;
  -webkit-box-align: center;
  -ms-flex-align: center;
  align-items: center;
  color: #212529;
  width: -webkit-max-content;
  width: -moz-max-content;
  width: max-content;
}

.emotion-9.emotion-9:hover {
  opacity: 0.6;
}

.emotion-10 {
  -webkit-user-select: none;
  -moz-user-select: none;
  -ms-user-select: none;
  user-select: none;
  width: 1em;
  height: 1em;
  display: inline-block;
  fill: currentColor;
  -webkit-flex-shrink: 0;
  -ms-flex-negative: 0;
  flex-shrink: 0;
  -webkit-transition: fill 200ms cubic-bezier(0.4, 0, 0.2, 1) 0ms;
  transition: fill 200ms cubic-bezier(0.4, 0, 0.2, 1) 0ms;
  font-size: 1.5rem;
}

<body>
  <div>
    <div
      class="emotion-0 emotion-1"
      data-testid="for"
      orientation="row"
    >
      <div
        class="MuiPaper-root MuiPaper-outlined MuiPaper-rounded MuiCard-root emotion-2 emotion-3"
        data-testid="launch-item"
      >
        <p
          class="emotion-4 emotion-5"
          data-testid="mission-name"
        >
          Thaicom 6
        </p>
        <p
          class="emotion-6 emotion-5"
          data-testid="t"
        >
          Mon, 6th January 2014, 06:06 PM
        </p>
        <a
          class="MuiTypography-root MuiTypography-inherit MuiLink-root MuiLink-underlineNone emotion-8 emotion-9"
          data-testid="wiki-link"
          href="https://en.wikipedia.org/wiki/Thaicom_6"
          rel="noreferrer"
          target="_blank"
        >
          <svg
            aria-hidden="true"
            class="MuiSvgIcon-root MuiSvgIcon-fontSizeMedium emotion-10"
            data-testid="LanguageIcon"
            focusable="false"
            viewBox="0 0 24 24"
          >
            <path
              d="M11.99 2C6.47 2 2 6.48 2 12s4.47 10 9.99 10C17.52 22 22 17.52 22 12S17.52 2 11.99 2zm6.93 6h-2.95c-.32-1.25-.78-2.45-1.38-3.56 1.84.63 3.37 1.91 4.33 3.56zM12 4.04c.83 1.2 1.48 2.53 1.91 3.96h-3.82c.43-1.43 1.08-2.76 1.91-3.96zM4.26 14C4.1 13.36 4 12.69 4 12s.1-1.36.26-2h3.38c-.08.66-.14 1.32-.14 2 0 .68.06 1.34.14 2H4.26zm.82 2h2.95c.32 1.25.78 2.45 1.38 3.56-1.84-.63-3.37-1.9-4.33-3.56zm2.95-8H5.08c.96-1.66 2.49-2.93 4.33-3.56C8.81 5.55 8.35 6.75 8.03 8zM12 19.96c-.83-1.2-1.48-2.53-1.91-3.96h3.82c-.43 1.43-1.08 2.76-1.91 3.96zM14.34 14H9.66c-.09-.66-.16-1.32-.16-2 0-.68.07-1.35.16-2h4.68c.09.65.16 1.32.16 2 0 .68-.07 1.34-.16 2zm.25 5.56c.6-1.11 1.06-2.31 1.38-3.56h2.95c-.96 1.65-2.49 2.93-4.33 3.56zM16.36 14c.08-.66.14-1.32.14-2 0-.68-.06-1.34-.14-2h3.38c.16.64.26 1.31.26 2s-.1 1.36-.26 2h-3.38z"
            />
          </svg>
           Wikipedia
        </a>
      </div>
    </div>
  </div>
</body>
`;
