// Jest Snapshot v1, https://goo.gl/fbAQLP

exports[`<LaundDetails> tests should render and match the snapshot 1`] = `
<body>
  <div>
    <div
      class="ant-card ant-card-bordered css-dnax8p e1uve3jx7"
      data-testid="launch-details"
    >
      <div
        class="ant-card-body"
      >
        <img
          class="css-1v87snz e1uve3jx6"
          src="https://farm9.staticflickr.com/8617/16789019815_f99a165dc5_o.jpg"
        />
        <div
          class="css-bzx5os e1uve3jx5"
        >
          <p
            class="e1uve3jx3 css-1cewy1q e17qkzd60"
            data-testid="mission-name"
          >
            CRS-21
          </p>
          <p
            class="e1uve3jx3 css-139w90b e17qkzd60"
            data-testid="details"
          >
            <b
              class="css-1mq3jm7 e1uve3jx2"
            >
              Details
            </b>
             SpaceX's 21st ISS resupply mission.
          </p>
          <p
            class="e1uve3jx1 css-rz7hlo e17qkzd60"
            data-testid="t"
          >
            Rocket 
          </p>
          <div
            class="css-1pbbfrk e1uve3jx4"
          >
            <p
              class="e1uve3jx3 css-139w90b e17qkzd60"
              data-testid="rocket-name"
            >
              <b
                class="css-1mq3jm7 e1uve3jx2"
              >
                Name
              </b>
               Falcon 9
            </p>
            <p
              class="e1uve3jx3 css-139w90b e17qkzd60"
              data-testid="rocket-type"
            >
              <b
                class="css-1mq3jm7 e1uve3jx2"
              >
                Type
              </b>
               FT
            </p>
          </div>
          <p
            class="e1uve3jx1 css-rz7hlo e17qkzd60"
            data-testid="t"
          >
            Ships 
          </p>
          <div
            class="css-wt1l7g e1uve3jx0"
          >
            <p
              class="e1uve3jx3 css-139w90b e17qkzd60"
              data-testid="ship-name"
            >
              <b
                class="css-1mq3jm7 e1uve3jx2"
              >
                Name
              </b>
               Ship 1
            </p>
            <p
              class="e1uve3jx3 css-139w90b e17qkzd60"
              data-testid="ship-type"
            >
              <b
                class="css-1mq3jm7 e1uve3jx2"
              >
                Type
              </b>
               Type 1
            </p>
          </div>
        </div>
      </div>
    </div>
  </div>
</body>
`;
